../Core/Src/motor_pid_controller.c:71:14:PID_Compute	48	static
../Core/Src/motor_pid_controller.c:86:13:PWM_Apply	32	static
../Core/Src/motor_pid_controller.c:104:13:Encoder_Update	24	static
../Core/Src/motor_pid_controller.c:118:13:Trajectory_Generator_Update	24	static
../Core/Src/motor_pid_controller.c:140:6:Motor_Init	8	static
../Core/Src/motor_pid_controller.c:161:6:Motor_MoveToPosition	16	static
../Core/Src/motor_pid_controller.c:168:6:Motor_SetVoltageLimit	24	static
../Core/Src/motor_pid_controller.c:175:6:Motor_SetMotionProfile	24	static
../Core/Src/motor_pid_controller.c:180:6:Motor_SetJogVelocity	16	static
../Core/Src/motor_pid_controller.c:187:6:Motor_UpdateSelectionButton	16	static
../Core/Src/motor_pid_controller.c:199:6:Motor_UpdateModeButton	16	static
../Core/Src/motor_pid_controller.c:211:6:Motor_UpdateControlModeButton	16	static
../Core/Src/motor_pid_controller.c:223:6:Motor_SetConnectionStatus	16	static
../Core/Src/motor_pid_controller.c:225:6:Motor_SendDataToMatlab	32	static
../Core/Src/motor_pid_controller.c:261:6:Motor_StartAutotune	8	static
../Core/Src/motor_pid_controller.c:272:6:Motor_StartAutotuneSpeed	8	static
../Core/Src/motor_pid_controller.c:283:6:Motor_ProcessCommand	24	static
../Core/Src/motor_pid_controller.c:396:6:TIM6_Control_Loop_ISR	64	static
../Core/Src/motor_pid_controller.c:647:7:Motor_GetPosition	4	static
../Core/Src/motor_pid_controller.c:648:7:Motor_GetSpeed	4	static
