17:53:06 **** Incremental Build of configuration Debug for project PID ****
make -j12 all 
arm-none-eabi-gcc "../Core/Src/main.c" -mcpu=cortex-m4 -std=gnu11 -g3 -DDEBUG -DUSE_HAL_DRIVER -DSTM32G474xx -c -I../Core/Inc -I../Drivers/STM32G4xx_HAL_Driver/Inc -I../Drivers/STM32G4xx_HAL_Driver/Inc/Legacy -I../Drivers/CMSIS/Device/ST/STM32G4xx/Include -I../Drivers/CMSIS/Include -O0 -ffunction-sections -fdata-sections -Wall -fstack-usage -fcyclomatic-complexity -MMD -MP -MF"Core/Src/main.d" -MT"Core/Src/main.o" --specs=nano.specs -mfpu=fpv4-sp-d16 -mfloat-abi=hard -mthumb -o "Core/Src/main.o"
arm-none-eabi-gcc "../Core/Src/motor_pid_controller.c" -mcpu=cortex-m4 -std=gnu11 -g3 -DDEBUG -DUSE_HAL_DRIVER -DSTM32G474xx -c -I../Core/Inc -I../Drivers/STM32G4xx_HAL_Driver/Inc -I../Drivers/STM32G4xx_HAL_Driver/Inc/Legacy -I../Drivers/CMSIS/Device/ST/STM32G4xx/Include -I../Drivers/CMSIS/Include -O0 -ffunction-sections -fdata-sections -Wall -fstack-usage -fcyclomatic-complexity -MMD -MP -MF"Core/Src/motor_pid_controller.d" -MT"Core/Src/motor_pid_controller.o" --specs=nano.specs -mfpu=fpv4-sp-d16 -mfloat-abi=hard -mthumb -o "Core/Src/motor_pid_controller.o"
../Core/Src/main.c:76:13: warning: 'Motor_Control_Demo' defined but not used [-Wunused-function]
   76 | static void Motor_Control_Demo(void)
      |             ^~~~~~~~~~~~~~~~~~
../Core/Src/motor_pid_controller.c: In function 'Motor_SendDataToMatlab':
../Core/Src/motor_pid_controller.c:224:11: warning: unused variable 'accel' [-Wunused-variable]
  224 |     float accel = (encoder.filtered_rpm - last_rpm_for_accel) / control_dt;
      |           ^~~~~
../Core/Src/motor_pid_controller.c: In function 'TIM6_Control_Loop_ISR':
../Core/Src/motor_pid_controller.c:459:17: warning: this 'if' clause does not guard... [-Wmisleading-indentation]
  459 |                 if (tuning.pos_Kp > 2.5f) tuning.pos_Kp = 2.5f; autotune_status = STATUS_SUCCESS;
      |                 ^~
../Core/Src/motor_pid_controller.c:459:65: note: ...this statement, but the latter is misleadingly indented as if it were guarded by the 'if'
  459 |                 if (tuning.pos_Kp > 2.5f) tuning.pos_Kp = 2.5f; autotune_status = STATUS_SUCCESS;
      |                                                                 ^~~~~~~~~~~~~~~
../Core/Src/motor_pid_controller.c:481:17: warning: this 'if' clause does not guard... [-Wmisleading-indentation]
  481 |                 if (tuning.speed_Kp > 6.0f) tuning.speed_Kp = 6.0f; autotune_status = STATUS_SUCCESS;
      |                 ^~
../Core/Src/motor_pid_controller.c:481:69: note: ...this statement, but the latter is misleadingly indented as if it were guarded by the 'if'
  481 |                 if (tuning.speed_Kp > 6.0f) tuning.speed_Kp = 6.0f; autotune_status = STATUS_SUCCESS;
      |                                                                     ^~~~~~~~~~~~~~~
arm-none-eabi-gcc -o "PID.elf" @"objects.list"   -mcpu=cortex-m4 -T"E:\college\.[studio]\.[Second_Year]\sem2\FRA223-224_1_DOF_G6\PID+Controller\PID+Controller\STM32G474RETX_FLASH.ld" --specs=nosys.specs -Wl,-Map="PID.map" -Wl,--gc-sections -static --specs=nano.specs -mfpu=fpv4-sp-d16 -mfloat-abi=hard -mthumb -Wl,--start-group -lc -lm -Wl,--end-group
Finished building target: PID.elf
 
arm-none-eabi-size  PID.elf 
arm-none-eabi-objdump -h -S PID.elf  > "PID.list"
   text	   data	    bss	    dec	    hex	filename
  38500	    112	  14720	  53332	   d054	PID.elf
Finished building: default.size.stdout
 
Finished building: PID.list
 
18:07:27 **** Incremental Build of configuration Debug for project PID ****
make -j12 all 
arm-none-eabi-gcc "../Core/Src/main.c" -mcpu=cortex-m4 -std=gnu11 -g3 -DDEBUG -DUSE_HAL_DRIVER -DSTM32G474xx -c -I../Core/Inc -I../Drivers/STM32G4xx_HAL_Driver/Inc -I../Drivers/STM32G4xx_HAL_Driver/Inc/Legacy -I../Drivers/CMSIS/Device/ST/STM32G4xx/Include -I../Drivers/CMSIS/Include -O0 -ffunction-sections -fdata-sections -Wall -fstack-usage -fcyclomatic-complexity -MMD -MP -MF"Core/Src/main.d" -MT"Core/Src/main.o" --specs=nano.specs -mfpu=fpv4-sp-d16 -mfloat-abi=hard -mthumb -o "Core/Src/main.o"
arm-none-eabi-gcc "../Core/Src/motor_pid_controller.c" -mcpu=cortex-m4 -std=gnu11 -g3 -DDEBUG -DUSE_HAL_DRIVER -DSTM32G474xx -c -I../Core/Inc -I../Drivers/STM32G4xx_HAL_Driver/Inc -I../Drivers/STM32G4xx_HAL_Driver/Inc/Legacy -I../Drivers/CMSIS/Device/ST/STM32G4xx/Include -I../Drivers/CMSIS/Include -O0 -ffunction-sections -fdata-sections -Wall -fstack-usage -fcyclomatic-complexity -MMD -MP -MF"Core/Src/motor_pid_controller.d" -MT"Core/Src/motor_pid_controller.o" --specs=nano.specs -mfpu=fpv4-sp-d16 -mfloat-abi=hard -mthumb -o "Core/Src/motor_pid_controller.o"
../Core/Src/main.c:76:13: warning: 'Motor_Control_Demo' defined but not used [-Wunused-function]
   76 | static void Motor_Control_Demo(void)
      |             ^~~~~~~~~~~~~~~~~~
../Core/Src/motor_pid_controller.c: In function 'Motor_SendDataToMatlab':
../Core/Src/motor_pid_controller.c:226:11: warning: unused variable 'accel' [-Wunused-variable]
  226 |     float accel = (encoder.filtered_rpm - last_rpm_for_accel) / control_dt;
      |           ^~~~~
../Core/Src/motor_pid_controller.c: In function 'TIM6_Control_Loop_ISR':
../Core/Src/motor_pid_controller.c:464:17: warning: this 'if' clause does not guard... [-Wmisleading-indentation]
  464 |                 if (tuning.pos_Kp > 2.5f) tuning.pos_Kp = 2.5f; autotune_status = STATUS_SUCCESS;
      |                 ^~
../Core/Src/motor_pid_controller.c:464:65: note: ...this statement, but the latter is misleadingly indented as if it were guarded by the 'if'
  464 |                 if (tuning.pos_Kp > 2.5f) tuning.pos_Kp = 2.5f; autotune_status = STATUS_SUCCESS;
      |                                                                 ^~~~~~~~~~~~~~~
../Core/Src/motor_pid_controller.c:486:17: warning: this 'if' clause does not guard... [-Wmisleading-indentation]
  486 |                 if (tuning.speed_Kp > 6.0f) tuning.speed_Kp = 6.0f; autotune_status = STATUS_SUCCESS;
      |                 ^~
../Core/Src/motor_pid_controller.c:486:69: note: ...this statement, but the latter is misleadingly indented as if it were guarded by the 'if'
  486 |                 if (tuning.speed_Kp > 6.0f) tuning.speed_Kp = 6.0f; autotune_status = STATUS_SUCCESS;
      |                                                                     ^~~~~~~~~~~~~~~
arm-none-eabi-gcc -o "PID.elf" @"objects.list"   -mcpu=cortex-m4 -T"E:\college\.[studio]\.[Second_Year]\sem2\FRA223-224_1_DOF_G6\PID+Controller\PID+Controller\STM32G474RETX_FLASH.ld" --specs=nosys.specs -Wl,-Map="PID.map" -Wl,--gc-sections -static --specs=nano.specs -mfpu=fpv4-sp-d16 -mfloat-abi=hard -mthumb -Wl,--start-group -lc -lm -Wl,--end-group
Finished building target: PID.elf
 
arm-none-eabi-size  PID.elf 
arm-none-eabi-objdump -h -S PID.elf  > "PID.list"
   text	   data	    bss	    dec	    hex	filename
  38916	    112	  14728	  53756	   d1fc	PID.elf
Finished building: default.size.stdout
 
Finished building: PID.list
 
18:17:24 **** Incremental Build of configuration Debug for project PID ****
make -j12 all 
arm-none-eabi-gcc "../Core/Src/main.c" -mcpu=cortex-m4 -std=gnu11 -g3 -DDEBUG -DUSE_HAL_DRIVER -DSTM32G474xx -c -I../Core/Inc -I../Drivers/STM32G4xx_HAL_Driver/Inc -I../Drivers/STM32G4xx_HAL_Driver/Inc/Legacy -I../Drivers/CMSIS/Device/ST/STM32G4xx/Include -I../Drivers/CMSIS/Include -O0 -ffunction-sections -fdata-sections -Wall -fstack-usage -fcyclomatic-complexity -MMD -MP -MF"Core/Src/main.d" -MT"Core/Src/main.o" --specs=nano.specs -mfpu=fpv4-sp-d16 -mfloat-abi=hard -mthumb -o "Core/Src/main.o"
arm-none-eabi-gcc "../Core/Src/motor_pid_controller.c" -mcpu=cortex-m4 -std=gnu11 -g3 -DDEBUG -DUSE_HAL_DRIVER -DSTM32G474xx -c -I../Core/Inc -I../Drivers/STM32G4xx_HAL_Driver/Inc -I../Drivers/STM32G4xx_HAL_Driver/Inc/Legacy -I../Drivers/CMSIS/Device/ST/STM32G4xx/Include -I../Drivers/CMSIS/Include -O0 -ffunction-sections -fdata-sections -Wall -fstack-usage -fcyclomatic-complexity -MMD -MP -MF"Core/Src/motor_pid_controller.d" -MT"Core/Src/motor_pid_controller.o" --specs=nano.specs -mfpu=fpv4-sp-d16 -mfloat-abi=hard -mthumb -o "Core/Src/motor_pid_controller.o"
../Core/Src/main.c:76:13: warning: 'Motor_Control_Demo' defined but not used [-Wunused-function]
   76 | static void Motor_Control_Demo(void)
      |             ^~~~~~~~~~~~~~~~~~
../Core/Src/motor_pid_controller.c: In function 'Motor_SendDataToMatlab':
../Core/Src/motor_pid_controller.c:226:11: warning: unused variable 'accel' [-Wunused-variable]
  226 |     float accel = (encoder.filtered_rpm - last_rpm_for_accel) / control_dt;
      |           ^~~~~
../Core/Src/motor_pid_controller.c: In function 'TIM6_Control_Loop_ISR':
../Core/Src/motor_pid_controller.c:464:17: warning: this 'if' clause does not guard... [-Wmisleading-indentation]
  464 |                 if (tuning.pos_Kp > 2.5f) tuning.pos_Kp = 2.5f; autotune_status = STATUS_SUCCESS;
      |                 ^~
../Core/Src/motor_pid_controller.c:464:65: note: ...this statement, but the latter is misleadingly indented as if it were guarded by the 'if'
  464 |                 if (tuning.pos_Kp > 2.5f) tuning.pos_Kp = 2.5f; autotune_status = STATUS_SUCCESS;
      |                                                                 ^~~~~~~~~~~~~~~
../Core/Src/motor_pid_controller.c:486:17: warning: this 'if' clause does not guard... [-Wmisleading-indentation]
  486 |                 if (tuning.speed_Kp > 6.0f) tuning.speed_Kp = 6.0f; autotune_status = STATUS_SUCCESS;
      |                 ^~
../Core/Src/motor_pid_controller.c:486:69: note: ...this statement, but the latter is misleadingly indented as if it were guarded by the 'if'
  486 |                 if (tuning.speed_Kp > 6.0f) tuning.speed_Kp = 6.0f; autotune_status = STATUS_SUCCESS;
      |                                                                     ^~~~~~~~~~~~~~~
arm-none-eabi-gcc -o "PID.elf" @"objects.list"   -mcpu=cortex-m4 -T"E:\college\.[studio]\.[Second_Year]\sem2\FRA223-224_1_DOF_G6\PID+Controller\PID+Controller\STM32G474RETX_FLASH.ld" --specs=nosys.specs -Wl,-Map="PID.map" -Wl,--gc-sections -static --specs=nano.specs -mfpu=fpv4-sp-d16 -mfloat-abi=hard -mthumb -Wl,--start-group -lc -lm -Wl,--end-group
Finished building target: PID.elf
 
arm-none-eabi-size  PID.elf 
arm-none-eabi-objdump -h -S PID.elf  > "PID.list"
   text	   data	    bss	    dec	    hex	filename
  38916	    112	  14728	  53756	   d1fc	PID.elf
Finished building: default.size.stdout
 
Finished building: PID.list
 
18:24:51 **** Incremental Build of configuration Debug for project PID ****
make -j12 all 
arm-none-eabi-gcc "../Core/Src/main.c" -mcpu=cortex-m4 -std=gnu11 -g3 -DDEBUG -DUSE_HAL_DRIVER -DSTM32G474xx -c -I../Core/Inc -I../Drivers/STM32G4xx_HAL_Driver/Inc -I../Drivers/STM32G4xx_HAL_Driver/Inc/Legacy -I../Drivers/CMSIS/Device/ST/STM32G4xx/Include -I../Drivers/CMSIS/Include -O0 -ffunction-sections -fdata-sections -Wall -fstack-usage -fcyclomatic-complexity -MMD -MP -MF"Core/Src/main.d" -MT"Core/Src/main.o" --specs=nano.specs -mfpu=fpv4-sp-d16 -mfloat-abi=hard -mthumb -o "Core/Src/main.o"
arm-none-eabi-gcc "../Core/Src/motor_pid_controller.c" -mcpu=cortex-m4 -std=gnu11 -g3 -DDEBUG -DUSE_HAL_DRIVER -DSTM32G474xx -c -I../Core/Inc -I../Drivers/STM32G4xx_HAL_Driver/Inc -I../Drivers/STM32G4xx_HAL_Driver/Inc/Legacy -I../Drivers/CMSIS/Device/ST/STM32G4xx/Include -I../Drivers/CMSIS/Include -O0 -ffunction-sections -fdata-sections -Wall -fstack-usage -fcyclomatic-complexity -MMD -MP -MF"Core/Src/motor_pid_controller.d" -MT"Core/Src/motor_pid_controller.o" --specs=nano.specs -mfpu=fpv4-sp-d16 -mfloat-abi=hard -mthumb -o "Core/Src/motor_pid_controller.o"
../Core/Src/main.c:76:13: warning: 'Motor_Control_Demo' defined but not used [-Wunused-function]
   76 | static void Motor_Control_Demo(void)
      |             ^~~~~~~~~~~~~~~~~~
../Core/Src/motor_pid_controller.c: In function 'Motor_SendDataToMatlab':
../Core/Src/motor_pid_controller.c:227:11: warning: unused variable 'accel' [-Wunused-variable]
  227 |     float accel = (encoder.filtered_rpm - last_rpm_for_accel) / control_dt;
      |           ^~~~~
../Core/Src/motor_pid_controller.c: In function 'TIM6_Control_Loop_ISR':
../Core/Src/motor_pid_controller.c:465:17: warning: this 'if' clause does not guard... [-Wmisleading-indentation]
  465 |                 if (tuning.pos_Kp > 2.5f) tuning.pos_Kp = 2.5f; autotune_status = STATUS_SUCCESS;
      |                 ^~
../Core/Src/motor_pid_controller.c:465:65: note: ...this statement, but the latter is misleadingly indented as if it were guarded by the 'if'
  465 |                 if (tuning.pos_Kp > 2.5f) tuning.pos_Kp = 2.5f; autotune_status = STATUS_SUCCESS;
      |                                                                 ^~~~~~~~~~~~~~~
../Core/Src/motor_pid_controller.c:487:17: warning: this 'if' clause does not guard... [-Wmisleading-indentation]
  487 |                 if (tuning.speed_Kp > 6.0f) tuning.speed_Kp = 6.0f; autotune_status = STATUS_SUCCESS;
      |                 ^~
../Core/Src/motor_pid_controller.c:487:69: note: ...this statement, but the latter is misleadingly indented as if it were guarded by the 'if'
  487 |                 if (tuning.speed_Kp > 6.0f) tuning.speed_Kp = 6.0f; autotune_status = STATUS_SUCCESS;
      |                                                                     ^~~~~~~~~~~~~~~
arm-none-eabi-gcc -o "PID.elf" @"objects.list"   -mcpu=cortex-m4 -T"E:\college\.[studio]\.[Second_Year]\sem2\FRA223-224_1_DOF_G6\PID+Controller\PID+Controller\STM32G474RETX_FLASH.ld" --specs=nosys.specs -Wl,-Map="PID.map" -Wl,--gc-sections -static --specs=nano.specs -mfpu=fpv4-sp-d16 -mfloat-abi=hard -mthumb -Wl,--start-group -lc -lm -Wl,--end-group
Finished building target: PID.elf
 
arm-none-eabi-size  PID.elf 
arm-none-eabi-objdump -h -S PID.elf  > "PID.list"
   text	   data	    bss	    dec	    hex	filename
  38956	    116	  14732	  53804	   d22c	PID.elf
Finished building: default.size.stdout
 
Finished building: PID.list
 
18:40:44 **** Incremental Build of configuration Debug for project PID ****
make -j12 all 
arm-none-eabi-gcc "../Core/Src/motor_pid_controller.c" -mcpu=cortex-m4 -std=gnu11 -g3 -DDEBUG -DUSE_HAL_DRIVER -DSTM32G474xx -c -I../Core/Inc -I../Drivers/STM32G4xx_HAL_Driver/Inc -I../Drivers/STM32G4xx_HAL_Driver/Inc/Legacy -I../Drivers/CMSIS/Device/ST/STM32G4xx/Include -I../Drivers/CMSIS/Include -O0 -ffunction-sections -fdata-sections -Wall -fstack-usage -fcyclomatic-complexity -MMD -MP -MF"Core/Src/motor_pid_controller.d" -MT"Core/Src/motor_pid_controller.o" --specs=nano.specs -mfpu=fpv4-sp-d16 -mfloat-abi=hard -mthumb -o "Core/Src/motor_pid_controller.o"
../Core/Src/motor_pid_controller.c: In function 'Motor_SendDataToMatlab':
../Core/Src/motor_pid_controller.c:227:11: warning: unused variable 'accel' [-Wunused-variable]
  227 |     float accel = (encoder.filtered_rpm - last_rpm_for_accel) / control_dt;
      |           ^~~~~
../Core/Src/motor_pid_controller.c: In function 'TIM6_Control_Loop_ISR':
../Core/Src/motor_pid_controller.c:469:17: warning: this 'if' clause does not guard... [-Wmisleading-indentation]
  469 |                 if (tuning.pos_Kp > 2.5f) tuning.pos_Kp = 2.5f; autotune_status = STATUS_SUCCESS;
      |                 ^~
../Core/Src/motor_pid_controller.c:469:65: note: ...this statement, but the latter is misleadingly indented as if it were guarded by the 'if'
  469 |                 if (tuning.pos_Kp > 2.5f) tuning.pos_Kp = 2.5f; autotune_status = STATUS_SUCCESS;
      |                                                                 ^~~~~~~~~~~~~~~
../Core/Src/motor_pid_controller.c:491:17: warning: this 'if' clause does not guard... [-Wmisleading-indentation]
  491 |                 if (tuning.speed_Kp > 6.0f) tuning.speed_Kp = 6.0f; autotune_status = STATUS_SUCCESS;
      |                 ^~
../Core/Src/motor_pid_controller.c:491:69: note: ...this statement, but the latter is misleadingly indented as if it were guarded by the 'if'
  491 |                 if (tuning.speed_Kp > 6.0f) tuning.speed_Kp = 6.0f; autotune_status = STATUS_SUCCESS;
      |                                                                     ^~~~~~~~~~~~~~~
arm-none-eabi-gcc -o "PID.elf" @"objects.list"   -mcpu=cortex-m4 -T"E:\college\.[studio]\.[Second_Year]\sem2\FRA223-224_1_DOF_G6\PID+Controller\PID+Controller\STM32G474RETX_FLASH.ld" --specs=nosys.specs -Wl,-Map="PID.map" -Wl,--gc-sections -static --specs=nano.specs -mfpu=fpv4-sp-d16 -mfloat-abi=hard -mthumb -Wl,--start-group -lc -lm -Wl,--end-group
Finished building target: PID.elf
 
arm-none-eabi-size  PID.elf 
arm-none-eabi-objdump -h -S PID.elf  > "PID.list"
   text	   data	    bss	    dec	    hex	filename
  38976	    116	  14732	  53824	   d240	PID.elf
Finished building: default.size.stdout
 
Finished building: PID.list
 
18:51:20 **** Incremental Build of configuration Debug for project PID ****
make -j12 all 
arm-none-eabi-gcc "../Core/Src/motor_pid_controller.c" -mcpu=cortex-m4 -std=gnu11 -g3 -DDEBUG -DUSE_HAL_DRIVER -DSTM32G474xx -c -I../Core/Inc -I../Drivers/STM32G4xx_HAL_Driver/Inc -I../Drivers/STM32G4xx_HAL_Driver/Inc/Legacy -I../Drivers/CMSIS/Device/ST/STM32G4xx/Include -I../Drivers/CMSIS/Include -O0 -ffunction-sections -fdata-sections -Wall -fstack-usage -fcyclomatic-complexity -MMD -MP -MF"Core/Src/motor_pid_controller.d" -MT"Core/Src/motor_pid_controller.o" --specs=nano.specs -mfpu=fpv4-sp-d16 -mfloat-abi=hard -mthumb -o "Core/Src/motor_pid_controller.o"
../Core/Src/motor_pid_controller.c: In function 'Motor_SendDataToMatlab':
../Core/Src/motor_pid_controller.c:227:11: warning: unused variable 'accel' [-Wunused-variable]
  227 |     float accel = (encoder.filtered_rpm - last_rpm_for_accel) / control_dt;
      |           ^~~~~
../Core/Src/motor_pid_controller.c: In function 'TIM6_Control_Loop_ISR':
../Core/Src/motor_pid_controller.c:471:17: warning: this 'if' clause does not guard... [-Wmisleading-indentation]
  471 |                 if (tuning.pos_Kp > 2.5f) tuning.pos_Kp = 2.5f; autotune_status = STATUS_SUCCESS;
      |                 ^~
../Core/Src/motor_pid_controller.c:471:65: note: ...this statement, but the latter is misleadingly indented as if it were guarded by the 'if'
  471 |                 if (tuning.pos_Kp > 2.5f) tuning.pos_Kp = 2.5f; autotune_status = STATUS_SUCCESS;
      |                                                                 ^~~~~~~~~~~~~~~
../Core/Src/motor_pid_controller.c:493:17: warning: this 'if' clause does not guard... [-Wmisleading-indentation]
  493 |                 if (tuning.speed_Kp > 6.0f) tuning.speed_Kp = 6.0f; autotune_status = STATUS_SUCCESS;
      |                 ^~
../Core/Src/motor_pid_controller.c:493:69: note: ...this statement, but the latter is misleadingly indented as if it were guarded by the 'if'
  493 |                 if (tuning.speed_Kp > 6.0f) tuning.speed_Kp = 6.0f; autotune_status = STATUS_SUCCESS;
      |                                                                     ^~~~~~~~~~~~~~~
arm-none-eabi-gcc -o "PID.elf" @"objects.list"   -mcpu=cortex-m4 -T"E:\college\.[studio]\.[Second_Year]\sem2\FRA223-224_1_DOF_G6\PID+Controller\PID+Controller\STM32G474RETX_FLASH.ld" --specs=nosys.specs -Wl,-Map="PID.map" -Wl,--gc-sections -static --specs=nano.specs -mfpu=fpv4-sp-d16 -mfloat-abi=hard -mthumb -Wl,--start-group -lc -lm -Wl,--end-group
Finished building target: PID.elf
 
arm-none-eabi-size  PID.elf 
arm-none-eabi-objdump -h -S PID.elf  > "PID.list"
   text	   data	    bss	    dec	    hex	filename
  39000	    116	  14732	  53848	   d258	PID.elf
Finished building: default.size.stdout
 
Finished building: PID.list
 
19:27:54 **** Incremental Build of configuration Debug for project PID ****
make -j12 all 
arm-none-eabi-size  PID.elf 
   text	   data	    bss	    dec	    hex	filename
  39000	    116	  14732	  53848	   d258	PID.elf
Finished building: default.size.stdout
 
19:37:24 **** Incremental Build of configuration Debug for project PID ****
make -j12 all 
arm-none-eabi-gcc "../Core/Src/motor_pid_controller.c" -mcpu=cortex-m4 -std=gnu11 -g3 -DDEBUG -DUSE_HAL_DRIVER -DSTM32G474xx -c -I../Core/Inc -I../Drivers/STM32G4xx_HAL_Driver/Inc -I../Drivers/STM32G4xx_HAL_Driver/Inc/Legacy -I../Drivers/CMSIS/Device/ST/STM32G4xx/Include -I../Drivers/CMSIS/Include -O0 -ffunction-sections -fdata-sections -Wall -fstack-usage -fcyclomatic-complexity -MMD -MP -MF"Core/Src/motor_pid_controller.d" -MT"Core/Src/motor_pid_controller.o" --specs=nano.specs -mfpu=fpv4-sp-d16 -mfloat-abi=hard -mthumb -o "Core/Src/motor_pid_controller.o"
../Core/Src/motor_pid_controller.c: In function 'Motor_SendDataToMatlab':
../Core/Src/motor_pid_controller.c:227:11: warning: unused variable 'accel' [-Wunused-variable]
  227 |     float accel = (encoder.filtered_rpm - last_rpm_for_accel) / control_dt;
      |           ^~~~~
../Core/Src/motor_pid_controller.c: In function 'TIM6_Control_Loop_ISR':
../Core/Src/motor_pid_controller.c:479:17: warning: this 'if' clause does not guard... [-Wmisleading-indentation]
  479 |                 if (tuning.pos_Kp > 2.5f) tuning.pos_Kp = 2.5f; autotune_status = STATUS_SUCCESS;
      |                 ^~
../Core/Src/motor_pid_controller.c:479:65: note: ...this statement, but the latter is misleadingly indented as if it were guarded by the 'if'
  479 |                 if (tuning.pos_Kp > 2.5f) tuning.pos_Kp = 2.5f; autotune_status = STATUS_SUCCESS;
      |                                                                 ^~~~~~~~~~~~~~~
../Core/Src/motor_pid_controller.c:501:17: warning: this 'if' clause does not guard... [-Wmisleading-indentation]
  501 |                 if (tuning.speed_Kp > 6.0f) tuning.speed_Kp = 6.0f; autotune_status = STATUS_SUCCESS;
      |                 ^~
../Core/Src/motor_pid_controller.c:501:69: note: ...this statement, but the latter is misleadingly indented as if it were guarded by the 'if'
  501 |                 if (tuning.speed_Kp > 6.0f) tuning.speed_Kp = 6.0f; autotune_status = STATUS_SUCCESS;
      |                                                                     ^~~~~~~~~~~~~~~
arm-none-eabi-gcc -o "PID.elf" @"objects.list"   -mcpu=cortex-m4 -T"E:\college\.[studio]\.[Second_Year]\sem2\FRA223-224_1_DOF_G6\PID+Controller\PID+Controller\STM32G474RETX_FLASH.ld" --specs=nosys.specs -Wl,-Map="PID.map" -Wl,--gc-sections -static --specs=nano.specs -mfpu=fpv4-sp-d16 -mfloat-abi=hard -mthumb -Wl,--start-group -lc -lm -Wl,--end-group
Finished building target: PID.elf
 
arm-none-eabi-size  PID.elf 
arm-none-eabi-objdump -h -S PID.elf  > "PID.list"
   text	   data	    bss	    dec	    hex	filename
  39008	    116	  14732	  53856	   d260	PID.elf
Finished building: default.size.stdout
 
Finished building: PID.list
 
19:41:27 **** Incremental Build of configuration Debug for project PID ****
make -j12 all 
arm-none-eabi-gcc "../Core/Src/motor_pid_controller.c" -mcpu=cortex-m4 -std=gnu11 -g3 -DDEBUG -DUSE_HAL_DRIVER -DSTM32G474xx -c -I../Core/Inc -I../Drivers/STM32G4xx_HAL_Driver/Inc -I../Drivers/STM32G4xx_HAL_Driver/Inc/Legacy -I../Drivers/CMSIS/Device/ST/STM32G4xx/Include -I../Drivers/CMSIS/Include -O0 -ffunction-sections -fdata-sections -Wall -fstack-usage -fcyclomatic-complexity -MMD -MP -MF"Core/Src/motor_pid_controller.d" -MT"Core/Src/motor_pid_controller.o" --specs=nano.specs -mfpu=fpv4-sp-d16 -mfloat-abi=hard -mthumb -o "Core/Src/motor_pid_controller.o"
../Core/Src/motor_pid_controller.c: In function 'Motor_SendDataToMatlab':
../Core/Src/motor_pid_controller.c:227:11: warning: unused variable 'accel' [-Wunused-variable]
  227 |     float accel = (encoder.filtered_rpm - last_rpm_for_accel) / control_dt;
      |           ^~~~~
../Core/Src/motor_pid_controller.c: In function 'TIM6_Control_Loop_ISR':
../Core/Src/motor_pid_controller.c:483:17: warning: this 'if' clause does not guard... [-Wmisleading-indentation]
  483 |                 if (tuning.pos_Kp > 2.5f) tuning.pos_Kp = 2.5f; autotune_status = STATUS_SUCCESS;
      |                 ^~
../Core/Src/motor_pid_controller.c:483:65: note: ...this statement, but the latter is misleadingly indented as if it were guarded by the 'if'
  483 |                 if (tuning.pos_Kp > 2.5f) tuning.pos_Kp = 2.5f; autotune_status = STATUS_SUCCESS;
      |                                                                 ^~~~~~~~~~~~~~~
../Core/Src/motor_pid_controller.c:505:17: warning: this 'if' clause does not guard... [-Wmisleading-indentation]
  505 |                 if (tuning.speed_Kp > 6.0f) tuning.speed_Kp = 6.0f; autotune_status = STATUS_SUCCESS;
      |                 ^~
../Core/Src/motor_pid_controller.c:505:69: note: ...this statement, but the latter is misleadingly indented as if it were guarded by the 'if'
  505 |                 if (tuning.speed_Kp > 6.0f) tuning.speed_Kp = 6.0f; autotune_status = STATUS_SUCCESS;
      |                                                                     ^~~~~~~~~~~~~~~
arm-none-eabi-gcc -o "PID.elf" @"objects.list"   -mcpu=cortex-m4 -T"E:\college\.[studio]\.[Second_Year]\sem2\FRA223-224_1_DOF_G6\PID+Controller\PID+Controller\STM32G474RETX_FLASH.ld" --specs=nosys.specs -Wl,-Map="PID.map" -Wl,--gc-sections -static --specs=nano.specs -mfpu=fpv4-sp-d16 -mfloat-abi=hard -mthumb -Wl,--start-group -lc -lm -Wl,--end-group
Finished building target: PID.elf
 
arm-none-eabi-size  PID.elf 
arm-none-eabi-objdump -h -S PID.elf  > "PID.list"
   text	   data	    bss	    dec	    hex	filename
  39028	    116	  14732	  53876	   d274	PID.elf
Finished building: default.size.stdout
 
Finished building: PID.list
 
20:18:47 **** Incremental Build of configuration Debug for project PID ****
make -j12 all 
arm-none-eabi-gcc "../Core/Src/main.c" -mcpu=cortex-m4 -std=gnu11 -g3 -DDEBUG -DUSE_HAL_DRIVER -DSTM32G474xx -c -I../Core/Inc -I../Drivers/STM32G4xx_HAL_Driver/Inc -I../Drivers/STM32G4xx_HAL_Driver/Inc/Legacy -I../Drivers/CMSIS/Device/ST/STM32G4xx/Include -I../Drivers/CMSIS/Include -O0 -ffunction-sections -fdata-sections -Wall -fstack-usage -fcyclomatic-complexity -MMD -MP -MF"Core/Src/main.d" -MT"Core/Src/main.o" --specs=nano.specs -mfpu=fpv4-sp-d16 -mfloat-abi=hard -mthumb -o "Core/Src/main.o"
arm-none-eabi-gcc "../Core/Src/motor_pid_controller.c" -mcpu=cortex-m4 -std=gnu11 -g3 -DDEBUG -DUSE_HAL_DRIVER -DSTM32G474xx -c -I../Core/Inc -I../Drivers/STM32G4xx_HAL_Driver/Inc -I../Drivers/STM32G4xx_HAL_Driver/Inc/Legacy -I../Drivers/CMSIS/Device/ST/STM32G4xx/Include -I../Drivers/CMSIS/Include -O0 -ffunction-sections -fdata-sections -Wall -fstack-usage -fcyclomatic-complexity -MMD -MP -MF"Core/Src/motor_pid_controller.d" -MT"Core/Src/motor_pid_controller.o" --specs=nano.specs -mfpu=fpv4-sp-d16 -mfloat-abi=hard -mthumb -o "Core/Src/motor_pid_controller.o"
../Core/Src/motor_pid_controller.c: In function 'Motor_SendDataToMatlab':
../Core/Src/motor_pid_controller.c:227:11: warning: unused variable 'accel' [-Wunused-variable]
  227 |     float accel = (encoder.filtered_rpm - last_rpm_for_accel) / control_dt;
      |           ^~~~~
../Core/Src/main.c:76:13: warning: 'Motor_Control_Demo' defined but not used [-Wunused-function]
   76 | static void Motor_Control_Demo(void)
      |             ^~~~~~~~~~~~~~~~~~
../Core/Src/motor_pid_controller.c: In function 'TIM6_Control_Loop_ISR':
../Core/Src/motor_pid_controller.c:483:17: warning: this 'if' clause does not guard... [-Wmisleading-indentation]
  483 |                 if (tuning.pos_Kp > 2.5f) tuning.pos_Kp = 2.5f; autotune_status = STATUS_SUCCESS;
      |                 ^~
../Core/Src/motor_pid_controller.c:483:65: note: ...this statement, but the latter is misleadingly indented as if it were guarded by the 'if'
  483 |                 if (tuning.pos_Kp > 2.5f) tuning.pos_Kp = 2.5f; autotune_status = STATUS_SUCCESS;
      |                                                                 ^~~~~~~~~~~~~~~
../Core/Src/motor_pid_controller.c:505:17: warning: this 'if' clause does not guard... [-Wmisleading-indentation]
  505 |                 if (tuning.speed_Kp > 6.0f) tuning.speed_Kp = 6.0f; autotune_status = STATUS_SUCCESS;
      |                 ^~
../Core/Src/motor_pid_controller.c:505:69: note: ...this statement, but the latter is misleadingly indented as if it were guarded by the 'if'
  505 |                 if (tuning.speed_Kp > 6.0f) tuning.speed_Kp = 6.0f; autotune_status = STATUS_SUCCESS;
      |                                                                     ^~~~~~~~~~~~~~~
arm-none-eabi-gcc -o "PID.elf" @"objects.list"   -mcpu=cortex-m4 -T"E:\college\.[studio]\.[Second_Year]\sem2\FRA223-224_1_DOF_G6\PID+Controller\PID+Controller\STM32G474RETX_FLASH.ld" --specs=nosys.specs -Wl,-Map="PID.map" -Wl,--gc-sections -static --specs=nano.specs -mfpu=fpv4-sp-d16 -mfloat-abi=hard -mthumb -Wl,--start-group -lc -lm -Wl,--end-group
Finished building target: PID.elf
 
arm-none-eabi-size  PID.elf 
arm-none-eabi-objdump -h -S PID.elf  > "PID.list"
   text	   data	    bss	    dec	    hex	filename
  39156	    116	  14732	  54004	   d2f4	PID.elf
Finished building: default.size.stdout
 
Finished building: PID.list
 
