19:41:27 **** Incremental Build of configuration Debug for project PID ****
make -j12 all 
arm-none-eabi-gcc "../Core/Src/motor_pid_controller.c" -mcpu=cortex-m4 -std=gnu11 -g3 -DDEBUG -DUSE_HAL_DRIVER -DSTM32G474xx -c -I../Core/Inc -I../Drivers/STM32G4xx_HAL_Driver/Inc -I../Drivers/STM32G4xx_HAL_Driver/Inc/Legacy -I../Drivers/CMSIS/Device/ST/STM32G4xx/Include -I../Drivers/CMSIS/Include -O0 -ffunction-sections -fdata-sections -Wall -fstack-usage -fcyclomatic-complexity -MMD -MP -MF"Core/Src/motor_pid_controller.d" -MT"Core/Src/motor_pid_controller.o" --specs=nano.specs -mfpu=fpv4-sp-d16 -mfloat-abi=hard -mthumb -o "Core/Src/motor_pid_controller.o"
../Core/Src/motor_pid_controller.c: In function 'Motor_SendDataToMatlab':
../Core/Src/motor_pid_controller.c:227:11: warning: unused variable 'accel' [-Wunused-variable]
  227 |     float accel = (encoder.filtered_rpm - last_rpm_for_accel) / control_dt;
      |           ^~~~~
../Core/Src/motor_pid_controller.c: In function 'TIM6_Control_Loop_ISR':
../Core/Src/motor_pid_controller.c:483:17: warning: this 'if' clause does not guard... [-Wmisleading-indentation]
  483 |                 if (tuning.pos_Kp > 2.5f) tuning.pos_Kp = 2.5f; autotune_status = STATUS_SUCCESS;
      |                 ^~
../Core/Src/motor_pid_controller.c:483:65: note: ...this statement, but the latter is misleadingly indented as if it were guarded by the 'if'
  483 |                 if (tuning.pos_Kp > 2.5f) tuning.pos_Kp = 2.5f; autotune_status = STATUS_SUCCESS;
      |                                                                 ^~~~~~~~~~~~~~~
../Core/Src/motor_pid_controller.c:505:17: warning: this 'if' clause does not guard... [-Wmisleading-indentation]
  505 |                 if (tuning.speed_Kp > 6.0f) tuning.speed_Kp = 6.0f; autotune_status = STATUS_SUCCESS;
      |                 ^~
../Core/Src/motor_pid_controller.c:505:69: note: ...this statement, but the latter is misleadingly indented as if it were guarded by the 'if'
  505 |                 if (tuning.speed_Kp > 6.0f) tuning.speed_Kp = 6.0f; autotune_status = STATUS_SUCCESS;
      |                                                                     ^~~~~~~~~~~~~~~
arm-none-eabi-gcc -o "PID.elf" @"objects.list"   -mcpu=cortex-m4 -T"E:\college\.[studio]\.[Second_Year]\sem2\FRA223-224_1_DOF_G6\PID+Controller\PID+Controller\STM32G474RETX_FLASH.ld" --specs=nosys.specs -Wl,-Map="PID.map" -Wl,--gc-sections -static --specs=nano.specs -mfpu=fpv4-sp-d16 -mfloat-abi=hard -mthumb -Wl,--start-group -lc -lm -Wl,--end-group
Finished building target: PID.elf
 
arm-none-eabi-size  PID.elf 
arm-none-eabi-objdump -h -S PID.elf  > "PID.list"
   text	   data	    bss	    dec	    hex	filename
  39028	    116	  14732	  53876	   d274	PID.elf
Finished building: default.size.stdout
 
Finished building: PID.list
 

19:41:28 Build Finished. 0 errors, 3 warnings. (took 1s.78ms)

